npx : FAIL src/tests/integ
ration/beach.routes.test.j
s
At line:1 char:1
+ npx jest --verbose > 
jest_output.txt 2>&1
+ ~~~~~~~~~~~~~~~~~~~~~~~~
~~~~~~~~~~~~~~~~~
    + CategoryInfo        
      : NotSpecified: (F  
  AIL src/tests/....rou   
 tes.test.js:String) [    
], RemoteException
    + FullyQualifiedError 
   Id : NativeCommandErr  
  or
 
  ΓùÅ Test suite failed 
to run

    ReferenceError: D:\My 
Projects\MERN\EcoShore-Bac
kend\src\tests\integration
\beach.routes.test.js: 
The module factory of 
`jest.mock()` is not 
allowed to reference any 
out-of-scope variables.
    Invalid variable 
access: mongoose
    Allowed objects: 
AbortController, 
AbortSignal, 
AggregateError, Array, 
ArrayBuffer, Atomics, 
BigInt, BigInt64Array, 
BigUint64Array, Blob, 
Boolean, 
BroadcastChannel, Buffer, 
ByteLengthQueuingStrategy,
 CompressionStream, 
CountQueuingStrategy, 
Crypto, CryptoKey, 
CustomEvent, 
DOMException, DataView, 
Date, 
DecompressionStream, 
Error, EvalError, Event, 
EventTarget, File, 
FinalizationRegistry, 
Float32Array, 
Float64Array, FormData, 
Function, Generator, 
GeneratorFunction, 
Headers, Infinity, 
Int16Array, Int32Array, 
Int8Array, InternalError, 
Intl, JSON, Map, Math, 
MessageChannel, 
MessageEvent, 
MessagePort, NaN, Number, 
Object, Performance, 
PerformanceEntry, 
PerformanceMark, 
PerformanceMeasure, 
PerformanceObserver, Perfo
rmanceObserverEntryList, P
erformanceResourceTiming, 
Promise, Proxy, 
RangeError, ReadableByteSt
reamController, 
ReadableStream, 
ReadableStreamBYOBReader, 
ReadableStreamBYOBRequest,
 ReadableStreamDefaultCont
roller, ReadableStreamDefa
ultReader, 
ReferenceError, Reflect, 
RegExp, Request, 
Response, Set, 
SharedArrayBuffer, 
String, SubtleCrypto, 
Symbol, SyntaxError, 
TextDecoder, 
TextDecoderStream, 
TextEncoder, 
TextEncoderStream, 
TransformStream, Transform
StreamDefaultController, 
TypeError, URIError, URL, 
URLSearchParams, 
Uint16Array, Uint32Array, 
Uint8Array, 
Uint8ClampedArray, 
WeakMap, WeakRef, 
WeakSet, WebAssembly, 
WritableStream, WritableSt
reamDefaultController, Wri
tableStreamDefaultWriter, 
__dirname, __filename, 
arguments, atob, btoa, 
clearImmediate, 
clearInterval, 
clearTimeout, console, 
crypto, decodeURI, 
decodeURIComponent, 
encodeURI, 
encodeURIComponent, 
escape, eval, expect, 
exports, fetch, global, 
globalThis, isFinite, 
isNaN, jest, module, 
parseFloat, parseInt, 
performance, process, 
queueMicrotask, require, 
setImmediate, 
setInterval, setTimeout, 
structuredClone, 
undefined, unescape.
    Note: This is a 
precaution to guard 
against uninitialized 
mock variables. If it is 
ensured that the mock is 
required lazily, variable 
names prefixed with 
`mock` (case insensitive) 
are permitted.

    [0m [90m  8 |[39m  
 [36mreturn[39m () 
[33m=>[39m 
(req[33m,[39m 
res[33m,[39m next) 
[33m=>[39m {
     [90m  9 |[39m     
[90m// Provide a mocked 
user object to bypass 
permission checks[39m
    
[31m[1m>[22m[39m[90m 
10 |[39m     
req[33m.[39muser 
[33m=[39m { 
id[33m:[39m 
[36mnew[39m mongoose[33
m.[39m[33mTypes[39m[33
m.[39m[33mObjectId[39m(
)[33m.[39mtoString()[33
m,[39m role[33m:[39m 
[32m'admin'[39m 
}[33m;[39m
     [90m    |[39m      
                    [31m
[1m^[22m[39m[31m[1m^[
22m[39m[31m[1m^[22m[3
9m[31m[1m^[22m[39m[31
m[1m^[22m[39m[31m[1m^
[22m[39m[31m[1m^[22m
[39m[31m[1m^[22m[39m
     [90m 11 |[39m     
next()[33m;[39m
     [90m 12 |[39m   
}[33m;[39m
     [90m 13 |[39m 
})[33m;[39m[0m

      at 
File.buildCodeFrameError (
node_modules/@babel/core/s
rc/transformation/file/fil
e.ts:251:12)
      at 
NodePath.buildError [as 
buildCodeFrameError] (node
_modules/@babel/traverse/s
rc/path/index.ts:161:21)
      at call (node_module
s/@babel/traverse/src/visi
tors.ts:299:14)
      at NodePath.call 
[as _call] (node_modules/@
babel/traverse/src/path/co
ntext.ts:36:20)
      at NodePath.call (no
de_modules/@babel/traverse
/src/path/context.ts:21:18
)
      at NodePath.call 
[as visit] (node_modules/@
babel/traverse/src/path/co
ntext.ts:97:31)
      at 
TraversalContext.visit 
[as visitQueue] (node_modu
les/@babel/traverse/src/co
ntext.ts:161:16)
      at TraversalContext.
visitQueue [as 
visitMultiple] (node_modul
es/@babel/traverse/src/con
text.ts:109:17)
      at TraversalContext.
visitMultiple [as visit] (
node_modules/@babel/traver
se/src/context.ts:192:19)
      at visit (node_modul
es/@babel/traverse/src/tra
verse-node.ts:208:17)
      at NodePath.visit (n
ode_modules/@babel/travers
e/src/path/context.ts:104:
33)
      at 
TraversalContext.visit 
[as visitQueue] (node_modu
les/@babel/traverse/src/co
ntext.ts:161:16)
      at TraversalContext.
visitQueue [as 
visitSingle] (node_modules
/@babel/traverse/src/conte
xt.ts:119:19)
      at TraversalContext.
visitSingle [as visit] (no
de_modules/@babel/traverse
/src/context.ts:194:19)
      at visit (node_modul
es/@babel/traverse/src/tra
verse-node.ts:208:17)
      at traverse (node_mo
dules/@babel/traverse/src/
index.ts:84:15)
      at transformFile (no
de_modules/@babel/core/src
/transformation/index.ts:1
20:15)
          at 
transformFile.next 
(<anonymous>)
      at transformFile (no
de_modules/@babel/core/src
/transformation/index.ts:5
0:12)
          at run.next 
(<anonymous>)
      at transform (node_m
odules/@babel/core/src/tra
nsform.ts:29:20)
          at 
transform.next 
(<anonymous>)
      at evaluateSync (nod
e_modules/gensync/index.js
:251:28)
      at sync (node_module
s/gensync/index.js:89:14)
      at fn (node_modules/
@babel/core/src/errors/rew
rite-stack-trace.ts:99:14)
      at transformSync (no
de_modules/@babel/core/src
/transform.ts:66:52)
      at ScriptTransformer
.transformSource (node_mod
ules/@jest/transform/build
/index.js:422:31)
      at ScriptTransformer
._transformAndBuildScript 
(node_modules/@jest/transf
orm/build/index.js:519:40)
      at ScriptTransformer
.transform (node_modules/@
jest/transform/build/index
.js:558:19)

PASS src/tests/unit/beach.
controller.test.js
  Beach Controller Unit 
Tests
    createBeach
      ΓêÜ should format 
output and return 201 
created status (8 ms)
    getBeaches
      ΓêÜ should apply 
pagination and formatting 
(5 ms)
    getSeverityRanking
      ΓêÜ should retrieve 
list of beaches by 
severity (1 ms)

PASS src/tests/unit/analyt
ics.service.test.js
  Analytics Service
    getDashboardOverview
      ΓêÜ should 
aggregate data for 
dashboard overview (7 ms)
    getSeverityRanking
      ΓêÜ should merge 
offset data with severity 
ranking (1 ms)
    predictPollutionTrend
      ΓêÜ should 
calculate moving average 
for forecasting (27 ms)
      ΓêÜ should fail if 
insufficient data points 
(1 ms)

FAIL src/tests/unit/analyt
ics.controller.test.js
  Analytics Controller
    getDashboardOverview
      ΓêÜ should return 
200 and dashboard data 
(11 ms)
    getSeverityRanking
      ΓêÜ should return 
severity ranking (2 ms)
    predictTrends
      ΓêÜ should generate 
trend forecast (1 ms)
    exportAnalyticsJSON
      ├ù should format 
and export all analytics 
data (3 ms)

  ΓùÅ Analytics 
Controller ΓÇ║ 
exportAnalyticsJSON ΓÇ║ 
should format and export 
all analytics data

    expect(jest.fn()).toHa
veBeenCalledWith(...expect
ed)

    Expected: 200

    Number of calls: 0

    [0m [90m  99 |[39m 
      expect(analyticsServ
ice[33m.[39mgetDashboard
Overview)[33m.[39mtoHave
BeenCalled()[33m;[39m
     [90m 100 |[39m     
  expect(analyticsService
[33m.[39mgetSeverityRanki
ng)[33m.[39mtoHaveBeenCa
lledWith([35m50[39m)[33
m;[39m
    
[31m[1m>[22m[39m[90m 
101 |[39m       expect(re
s[33m.[39mstatus)[33m.
[39mtoHaveBeenCalledWith(
[35m200[39m)[33m;[39m
     [90m     |[39m     
                     
[31m[1m^[22m[39m
     [90m 102 |[39m     
  expect(res[33m.[39mjso
n)[33m.[39mtoHaveBeenCal
ledWith(
     [90m 103 |[39m     
    expect[33m.[39mobjec
tContaining({
     [90m 104 |[39m     
      data[33m:[39m expe
ct[33m.[39mobjectContain
ing({[0m

      at Object.toHaveBeen
CalledWith (src/tests/unit
/analytics.controller.test
.js:101:26)

PASS src/tests/unit/beach.
service.test.js
  Beach Service Unit Tests
    createBeach
      ΓêÜ should create 
and save a new beach (7 
ms)
    getAllBeaches
      ΓêÜ should retrieve 
beaches sorted and 
paginated (3 ms)
    getBeachById
      ΓêÜ should 
successfully find a beach 
by ID (2 ms)
      ΓêÜ should throw 
NotFoundError if beach 
does not exist (13 ms)
    updateBeach
      ΓêÜ should update 
specific fields on the 
beach document (2 ms)

FAIL src/tests/integration
/analytics.routes.test.js
  ΓùÅ Test suite failed 
to run

    Cannot find module 
'../../middleware/error' 
from 'src/tests/setup/test
App.js'

    Require stack:
      
src/tests/setup/testApp.js
      src/tests/integratio
n/analytics.routes.test.js

    [0m [90m 1 |[39m 
[36mconst[39m express 
[33m=[39m require([32m'
express'[39m)[33m;[39m
    
[31m[1m>[22m[39m[90m 
2 |[39m [36mconst[39m 
{ errorHandler } 
[33m=[39m require([32m'
../../middleware/error'[3
9m)[33m;[39m [90m// 
Adjust if this doesn't 
exist[39m
     [90m   |[39m       
                   
[31m[1m^[22m[39m
     [90m 3 |[39m 
[90m// Trying to pull 
the global error handler, 
but falling back to 
simple mock if not 
found[39m
     [90m 4 |[39m
     [90m 5 |[39m 
[36mconst[39m 
setupTestApp [33m=[39m 
(router[33m,[39m 
routePath [33m=[39m 
[32m'/api'[39m) 
[33m=>[39m {[0m

      at Resolver._throwMo
dNotFoundError (node_modul
es/jest-resolve/build/inde
x.js:863:11)
      at Object.require (s
rc/tests/setup/testApp.js:
2:26)
      at Object.require (s
rc/tests/integration/analy
tics.routes.test.js:3:22)

FAIL src/tests/performance
/analytics.perf.test.js
  Analytics Service 
Performance
    ├ù should calculate 
severity scores for all 
beaches within acceptable 
latency (< 500ms) (114 ms)
    ├ù should retrieve 
dashboard overview 
structure rapidly (< 
300ms) (26 ms)

  ΓùÅ Analytics Service 
Performance ΓÇ║ should 
calculate severity scores 
for all beaches within 
acceptable latency (< 
500ms)

    ValidationError: 
Beach validation failed: 
createdBy: Path 
`createdBy` is required., 
location.address: Address 
is required

      at 
model.Document.invalidate 
(node_modules/mongoose/lib
/document.js:3405:32)
      at validatePath (nod
e_modules/mongoose/lib/doc
ument.js:3177:13)
          at async 
Promise.all (index 0)
      at 
model.$__validate (node_mo
dules/mongoose/lib/documen
t.js:3118:3)
      at model.validate (n
ode_modules/mongoose/lib/d
ocument.js:2687:5)

  ΓùÅ Analytics Service 
Performance ΓÇ║ should 
retrieve dashboard 
overview structure 
rapidly (< 300ms)

    ValidationError: 
Beach validation failed: 
createdBy: Path 
`createdBy` is required., 
location.city: City is 
required, 
location.address: Address 
is required

    [0m [90m 60 |[39m  
 it([32m'should retrieve 
dashboard overview 
structure rapidly (< 
300ms)'[39m[33m,[39m 
[36masync[39m () 
[33m=>[39m {
     [90m 61 |[39m     
[90m// Seed with 
multiple records[39m
    
[31m[1m>[22m[39m[90m 
62 |[39m     
[36mawait[39m [33mBeach
[39m[33m.[39mcreate({ 
name[33m:[39m 
[32m'Test 
Beach'[39m[33m,[39m 
location[33m:[39m { 
type[33m:[39m [32m'Poin
t'[39m[33m,[39m 
coordinates[33m:[39m 
[[35m0[39m[33m,[39m 
[35m0[39m] } 
})[33m;[39m
     [90m    |[39m     
[31m[1m^[22m[39m
     [90m 63 |[39m
     [90m 64 |[39m     
[36mconst[39m startTime 
[33m=[39m performance[3
3m.[39mnow()[33m;[39m
     [90m 65 |[39m     
[36mawait[39m analyticsS
ervice[33m.[39mgetDashbo
ardOverview()[33m;[39m[
0m

      at 
model.Document.invalidate 
(node_modules/mongoose/lib
/document.js:3405:32)
      at validatePath (nod
e_modules/mongoose/lib/doc
ument.js:3177:13)
          at async 
Promise.all (index 0)
      at 
model.$__validate (node_mo
dules/mongoose/lib/documen
t.js:3118:3)
      at model.validate (n
ode_modules/mongoose/lib/d
ocument.js:2687:5)
      at model.validateBef
oreSavePreSave (node_modul
es/mongoose/lib/plugins/va
lidateBeforeSave.js:39:5)
      at Kareem.execPre (n
ode_modules/kareem/index.j
s:70:24)
      at model.$__save (no
de_modules/mongoose/lib/mo
del.js:371:5)
      at model.save (node_
modules/mongoose/lib/model
.js:614:5)
      at node_modules/mong
oose/lib/model.js:2750:9
          at async 
Promise.all (index 0)
      at Function.create (
node_modules/mongoose/lib/
model.js:2735:11)
      at 
Object.<anonymous> (src/te
sts/performance/analytics.
perf.test.js:62:5)

FAIL src/tests/performance
/beach.perf.test.js
  Beach Service 
Performance
    ├ù should format, 
retrieve, and paginate 
3000 beaches under 100ms 
(614 ms)
    ├ù should retrieve a 
beach by ID efficiently 
(9 ms)

  ΓùÅ Beach Service 
Performance ΓÇ║ should 
format, retrieve, and 
paginate 3000 beaches 
under 100ms

    ValidationError: 
Beach validation failed: 
createdBy: Path 
`createdBy` is required., 
location.address: Address 
is required

      at 
model.Document.invalidate 
(node_modules/mongoose/lib
/document.js:3405:32)
      at validatePath (nod
e_modules/mongoose/lib/doc
ument.js:3177:13)
          at async 
Promise.all (index 0)
      at 
model.$__validate (node_mo
dules/mongoose/lib/documen
t.js:3118:3)
      at model.validate (n
ode_modules/mongoose/lib/d
ocument.js:2687:5)

  ΓùÅ Beach Service 
Performance ΓÇ║ should 
retrieve a beach by ID 
efficiently

    ValidationError: 
Beach validation failed: 
createdBy: Path 
`createdBy` is required., 
location.city: City is 
required, 
location.address: Address 
is required

    [0m [90m 46 |[39m
     [90m 47 |[39m   
it([32m'should retrieve 
a beach by ID efficiently'
[39m[33m,[39m 
[36masync[39m () 
[33m=>[39m {
    
[31m[1m>[22m[39m[90m 
48 |[39m     
[36mconst[39m beach 
[33m=[39m 
[36mawait[39m [33mBeach
[39m[33m.[39mcreate({
     [90m    |[39m      
             
[31m[1m^[22m[39m
     [90m 49 |[39m      
 name[33m:[39m 
[32m'Single Read Perf 
Beach'[39m[33m,[39m
     [90m 50 |[39m      
 location[33m:[39m { 
type[33m:[39m [32m'Poin
t'[39m[33m,[39m 
coordinates[33m:[39m [[
35m0[39m[33m,[39m[35m0
[39m] }
     [90m 51 |[39m     
})[33m;[39m[0m

      at 
model.Document.invalidate 
(node_modules/mongoose/lib
/document.js:3405:32)
      at validatePath (nod
e_modules/mongoose/lib/doc
ument.js:3177:13)
          at async 
Promise.all (index 0)
      at 
model.$__validate (node_mo
dules/mongoose/lib/documen
t.js:3118:3)
      at model.validate (n
ode_modules/mongoose/lib/d
ocument.js:2687:5)
      at model.validateBef
oreSavePreSave (node_modul
es/mongoose/lib/plugins/va
lidateBeforeSave.js:39:5)
      at Kareem.execPre (n
ode_modules/kareem/index.j
s:70:24)
      at model.$__save (no
de_modules/mongoose/lib/mo
del.js:371:5)
      at model.save (node_
modules/mongoose/lib/model
.js:614:5)
      at node_modules/mong
oose/lib/model.js:2750:9
          at async 
Promise.all (index 0)
      at Function.create (
node_modules/mongoose/lib/
model.js:2735:11)
      at 
Object.<anonymous> (src/te
sts/performance/beach.perf
.test.js:48:19)

Test Suites: 5 failed, 3 
passed, 8 total
Tests:       5 failed, 15 
passed, 20 total
Snapshots:   0 total
Time:        2.502 s, 
estimated 4 s
Ran all test suites.
